[0m20:03:18.749135 [debug] [MainThread]: Sending event: {'category': 'dbt', 'action': 'invocation', 'label': 'start', 'context': [<snowplow_tracker.self_describing_json.SelfDescribingJson object at 0x00000225693C57F0>, <snowplow_tracker.self_describing_json.SelfDescribingJson object at 0x000002256C496EA0>, <snowplow_tracker.self_describing_json.SelfDescribingJson object at 0x000002256C495130>]}


============================== 20:03:18.764829 | 938dd4a5-8f0b-4711-8c0a-0b9c72b51f6e ==============================
[0m20:03:18.764829 [info ] [MainThread]: Running with dbt=1.11.8
[0m20:03:18.764829 [debug] [MainThread]: running dbt with arguments {'version_check': 'True', 'no_print': 'None', 'static_parser': 'True', 'target_path': 'None', 'warn_error_options': 'WarnErrorOptionsV2(error=[], warn=[], silence=[])', 'printer_width': '80', 'write_json': 'True', 'empty': 'None', 'log_cache_events': 'False', 'introspect': 'True', 'cache_selected_only': 'False', 'fail_fast': 'False', 'debug': 'False', 'log_format': 'default', 'partial_parse': 'True', 'send_anonymous_usage_stats': 'True', 'quiet': 'False', 'warn_error': 'None', 'profiles_dir': 'C:\\Users\\ASUS\\.dbt', 'invocation_command': 'dbt init tyg_bi', 'indirect_selection': 'eager', 'use_colors': 'True', 'use_experimental_parser': 'False', 'log_path': 'logs'}
[0m20:03:18.782205 [info ] [MainThread]: Creating dbt configuration folder at C:\Users\ASUS\.dbt
[0m20:03:18.784545 [debug] [MainThread]: Starter project path: D:\BITIG\proyecto_bi_tyg\dbt-env\Lib\site-packages\dbt\include\starter_project
[0m20:03:18.799603 [info ] [MainThread]: 
Your new dbt project "tyg_bi" was created!

For more information on how to configure the profiles.yml file,
please consult the dbt documentation here:

  https://docs.getdbt.com/docs/configure-your-profile

One more thing:

Need help? Don't hesitate to reach out to us via GitHub issues or on Slack:

  https://community.getdbt.com/

Happy modeling!

[0m20:03:18.799603 [info ] [MainThread]: Setting up your profile.
[0m20:03:56.522530 [info ] [MainThread]: Profile tyg_bi written to C:\Users\ASUS\.dbt\profiles.yml using target's profile_template.yml and your supplied values. Run 'dbt debug' to validate the connection.
[0m20:03:56.522530 [debug] [MainThread]: Command `dbt init` succeeded at 20:03:56.522530 after 37.89 seconds
[0m20:03:56.522530 [debug] [MainThread]: Sending event: {'category': 'dbt', 'action': 'invocation', 'label': 'end', 'context': [<snowplow_tracker.self_describing_json.SelfDescribingJson object at 0x000002256CE298B0>, <snowplow_tracker.self_describing_json.SelfDescribingJson object at 0x000002256CBE6DE0>, <snowplow_tracker.self_describing_json.SelfDescribingJson object at 0x000002256CBE6A50>]}
[0m20:03:56.522530 [debug] [MainThread]: Flushing usage events
[0m20:03:57.752904 [debug] [MainThread]: An error was encountered while trying to flush usage events
